[2026-02-28 10:11:31] production.ERROR: The /home/runner/work/stopit/stopit/bootstrap/cache directory must be present and writable. {"exception":"[object] (Exception(code: 0): The /home/runner/work/stopit/stopit/bootstrap/cache directory must be present and writable. at /home/runner/work/stopit/stopit/vendor/laravel/framework/src/Illuminate/Foundation/PackageManifest.php:179)
[stacktrace]
#0 /home/runner/work/stopit/stopit/vendor/laravel/framework/src/Illuminate/Foundation/PackageManifest.php(132): Illuminate\\Foundation\\PackageManifest->write()
#1 /home/runner/work/stopit/stopit/vendor/laravel/framework/src/Illuminate/Foundation/PackageManifest.php(108): Illuminate\\Foundation\\PackageManifest->build()
#2 /home/runner/work/stopit/stopit/vendor/laravel/framework/src/Illuminate/Foundation/PackageManifest.php(91): Illuminate\\Foundation\\PackageManifest->getManifest()
#3 /home/runner/work/stopit/stopit/vendor/laravel/framework/src/Illuminate/Foundation/PackageManifest.php(80): Illuminate\\Foundation\\PackageManifest->config()
#4 /home/runner/work/stopit/stopit/vendor/laravel/framework/src/Illuminate/Foundation/Bootstrap/RegisterFacades.php(26): Illuminate\\Foundation\\PackageManifest->aliases()
#5 /home/runner/work/stopit/stopit/vendor/laravel/framework/src/Illuminate/Foundation/Application.php(342): Illuminate\\Foundation\\Bootstrap\\RegisterFacades->bootstrap()
#6 /home/runner/work/stopit/stopit/vendor/laravel/framework/src/Illuminate/Foundation/Console/Kernel.php(474): Illuminate\\Foundation\\Application->bootstrapWith()
#7 /home/runner/work/stopit/stopit/vendor/laravel/framework/src/Illuminate/Foundation/Console/Kernel.php(196): Illuminate\\Foundation\\Console\\Kernel->bootstrap()
#8 /home/runner/work/stopit/stopit/artisan(12): Illuminate\\Foundation\\Console\\Kernel->handle()
#9 {main}
"} 
[2026-02-28 10:11:44] production.ERROR: The /home/runner/work/stopit/stopit/bootstrap/cache directory must be present and writable. {"exception":"[object] (Exception(code: 0): The /home/runner/work/stopit/stopit/bootstrap/cache directory must be present and writable. at /home/runner/work/stopit/stopit/vendor/laravel/framework/src/Illuminate/Foundation/PackageManifest.php:179)
[stacktrace]
#0 /home/runner/work/stopit/stopit/vendor/laravel/framework/src/Illuminate/Foundation/PackageManifest.php(132): Illuminate\\Foundation\\PackageManifest->write()
#1 /home/runner/work/stopit/stopit/vendor/laravel/framework/src/Illuminate/Foundation/PackageManifest.php(108): Illuminate\\Foundation\\PackageManifest->build()
#2 /home/runner/work/stopit/stopit/vendor/laravel/framework/src/Illuminate/Foundation/PackageManifest.php(91): Illuminate\\Foundation\\PackageManifest->getManifest()
#3 /home/runner/work/stopit/stopit/vendor/laravel/framework/src/Illuminate/Foundation/PackageManifest.php(80): Illuminate\\Foundation\\PackageManifest->config()
#4 /home/runner/work/stopit/stopit/vendor/laravel/framework/src/Illuminate/Foundation/Bootstrap/RegisterFacades.php(26): Illuminate\\Foundation\\PackageManifest->aliases()
#5 /home/runner/work/stopit/stopit/vendor/laravel/framework/src/Illuminate/Foundation/Application.php(342): Illuminate\\Foundation\\Bootstrap\\RegisterFacades->bootstrap()
#6 /home/runner/work/stopit/stopit/vendor/laravel/framework/src/Illuminate/Foundation/Console/Kernel.php(474): Illuminate\\Foundation\\Application->bootstrapWith()
#7 /home/runner/work/stopit/stopit/vendor/laravel/framework/src/Illuminate/Foundation/Console/Kernel.php(196): Illuminate\\Foundation\\Console\\Kernel->bootstrap()
#8 /home/runner/work/stopit/stopit/artisan(12): Illuminate\\Foundation\\Console\\Kernel->handle()
#9 {main}
"} 
[2026-02-28 10:11:49] local.ERROR: The /home/runner/work/stopit/stopit/bootstrap/cache directory must be present and writable. {"exception":"[object] (Exception(code: 0): The /home/runner/work/stopit/stopit/bootstrap/cache directory must be present and writable. at /home/runner/work/stopit/stopit/vendor/laravel/framework/src/Illuminate/Foundation/PackageManifest.php:179)
[stacktrace]
#0 /home/runner/work/stopit/stopit/vendor/laravel/framework/src/Illuminate/Foundation/PackageManifest.php(132): Illuminate\\Foundation\\PackageManifest->write()
#1 /home/runner/work/stopit/stopit/vendor/laravel/framework/src/Illuminate/Foundation/PackageManifest.php(108): Illuminate\\Foundation\\PackageManifest->build()
#2 /home/runner/work/stopit/stopit/vendor/laravel/framework/src/Illuminate/Foundation/PackageManifest.php(91): Illuminate\\Foundation\\PackageManifest->getManifest()
#3 /home/runner/work/stopit/stopit/vendor/laravel/framework/src/Illuminate/Foundation/PackageManifest.php(80): Illuminate\\Foundation\\PackageManifest->config()
#4 /home/runner/work/stopit/stopit/vendor/laravel/framework/src/Illuminate/Foundation/Bootstrap/RegisterFacades.php(26): Illuminate\\Foundation\\PackageManifest->aliases()
#5 /home/runner/work/stopit/stopit/vendor/laravel/framework/src/Illuminate/Foundation/Application.php(342): Illuminate\\Foundation\\Bootstrap\\RegisterFacades->bootstrap()
#6 /home/runner/work/stopit/stopit/vendor/laravel/framework/src/Illuminate/Foundation/Console/Kernel.php(474): Illuminate\\Foundation\\Application->bootstrapWith()
#7 /home/runner/work/stopit/stopit/vendor/laravel/framework/src/Illuminate/Foundation/Console/Kernel.php(196): Illuminate\\Foundation\\Console\\Kernel->bootstrap()
#8 /home/runner/work/stopit/stopit/artisan(12): Illuminate\\Foundation\\Console\\Kernel->handle()
#9 {main}
"} 
[2026-02-28 10:12:03] local.ERROR: Target class [Modules\Stopit\Database\Seeders\StopitSeeder] does not exist. {"exception":"[object] (Illuminate\\Contracts\\Container\\BindingResolutionException(code: 0): Target class [Modules\\Stopit\\Database\\Seeders\\StopitSeeder] does not exist. at /home/runner/work/stopit/stopit/vendor/laravel/framework/src/Illuminate/Container/Container.php:961)
[stacktrace]
#0 /home/runner/work/stopit/stopit/vendor/laravel/framework/src/Illuminate/Container/Container.php(832): Illuminate\\Container\\Container->build()
#1 /home/runner/work/stopit/stopit/vendor/laravel/framework/src/Illuminate/Foundation/Application.php(1078): Illuminate\\Container\\Container->resolve()
#2 /home/runner/work/stopit/stopit/vendor/laravel/framework/src/Illuminate/Container/Container.php(763): Illuminate\\Foundation\\Application->resolve()
#3 /home/runner/work/stopit/stopit/vendor/laravel/framework/src/Illuminate/Foundation/Application.php(1058): Illuminate\\Container\\Container->make()
#4 /home/runner/work/stopit/stopit/vendor/laravel/framework/src/Illuminate/Database/Console/Seeds/SeedCommand.php(98): Illuminate\\Foundation\\Application->make()
#5 /home/runner/work/stopit/stopit/vendor/laravel/framework/src/Illuminate/Database/Console/Seeds/SeedCommand.php(70): Illuminate\\Database\\Console\\Seeds\\SeedCommand->getSeeder()
#6 /home/runner/work/stopit/stopit/vendor/laravel/framework/src/Illuminate/Database/Eloquent/Concerns/GuardsAttributes.php(155): Illuminate\\Database\\Console\\Seeds\\SeedCommand->Illuminate\\Database\\Console\\Seeds\\{closure}()
#7 /home/runner/work/stopit/stopit/vendor/laravel/framework/src/Illuminate/Database/Console/Seeds/SeedCommand.php(69): Illuminate\\Database\\Eloquent\\Model::unguarded()
#8 /home/runner/work/stopit/stopit/vendor/laravel/framework/src/Illuminate/Container/BoundMethod.php(36): Illuminate\\Database\\Console\\Seeds\\SeedCommand->handle()
#9 /home/runner/work/stopit/stopit/vendor/laravel/framework/src/Illuminate/Container/Util.php(43): Illuminate\\Container\\BoundMethod::Illuminate\\Container\\{closure}()
#10 /home/runner/work/stopit/stopit/vendor/laravel/framework/src/Illuminate/Container/BoundMethod.php(95): Illuminate\\Container\\Util::unwrapIfClosure()
#11 /home/runner/work/stopit/stopit/vendor/laravel/framework/src/Illuminate/Container/BoundMethod.php(35): Illuminate\\Container\\BoundMethod::callBoundMethod()
#12 /home/runner/work/stopit/stopit/vendor/laravel/framework/src/Illuminate/Container/Container.php(696): Illuminate\\Container\\BoundMethod::call()
#13 /home/runner/work/stopit/stopit/vendor/laravel/framework/src/Illuminate/Console/Command.php(213): Illuminate\\Container\\Container->call()
#14 /home/runner/work/stopit/stopit/vendor/symfony/console/Command/Command.php(341): Illuminate\\Console\\Command->execute()
#15 /home/runner/work/stopit/stopit/vendor/laravel/framework/src/Illuminate/Console/Command.php(182): Symfony\\Component\\Console\\Command\\Command->run()
#16 /home/runner/work/stopit/stopit/vendor/symfony/console/Application.php(1117): Illuminate\\Console\\Command->run()
#17 /home/runner/work/stopit/stopit/vendor/symfony/console/Application.php(356): Symfony\\Component\\Console\\Application->doRunCommand()
#18 /home/runner/work/stopit/stopit/vendor/symfony/console/Application.php(195): Symfony\\Component\\Console\\Application->doRun()
#19 /home/runner/work/stopit/stopit/vendor/laravel/framework/src/Illuminate/Foundation/Console/Kernel.php(198): Symfony\\Component\\Console\\Application->run()
#20 /home/runner/work/stopit/stopit/artisan(12): Illuminate\\Foundation\\Console\\Kernel->handle()
#21 {main}

[previous exception] [object] (ReflectionException(code: -1): Class \"Modules\\Stopit\\Database\\Seeders\\StopitSeeder\" does not exist at /home/runner/work/stopit/stopit/vendor/laravel/framework/src/Illuminate/Container/Container.php:959)
[stacktrace]
#0 /home/runner/work/stopit/stopit/vendor/laravel/framework/src/Illuminate/Container/Container.php(959): ReflectionClass->__construct()
#1 /home/runner/work/stopit/stopit/vendor/laravel/framework/src/Illuminate/Container/Container.php(832): Illuminate\\Container\\Container->build()
#2 /home/runner/work/stopit/stopit/vendor/laravel/framework/src/Illuminate/Foundation/Application.php(1078): Illuminate\\Container\\Container->resolve()
#3 /home/runner/work/stopit/stopit/vendor/laravel/framework/src/Illuminate/Container/Container.php(763): Illuminate\\Foundation\\Application->resolve()
#4 /home/runner/work/stopit/stopit/vendor/laravel/framework/src/Illuminate/Foundation/Application.php(1058): Illuminate\\Container\\Container->make()
#5 /home/runner/work/stopit/stopit/vendor/laravel/framework/src/Illuminate/Database/Console/Seeds/SeedCommand.php(98): Illuminate\\Foundation\\Application->make()
#6 /home/runner/work/stopit/stopit/vendor/laravel/framework/src/Illuminate/Database/Console/Seeds/SeedCommand.php(70): Illuminate\\Database\\Console\\Seeds\\SeedCommand->getSeeder()
#7 /home/runner/work/stopit/stopit/vendor/laravel/framework/src/Illuminate/Database/Eloquent/Concerns/GuardsAttributes.php(155): Illuminate\\Database\\Console\\Seeds\\SeedCommand->Illuminate\\Database\\Console\\Seeds\\{closure}()
#8 /home/runner/work/stopit/stopit/vendor/laravel/framework/src/Illuminate/Database/Console/Seeds/SeedCommand.php(69): Illuminate\\Database\\Eloquent\\Model::unguarded()
#9 /home/runner/work/stopit/stopit/vendor/laravel/framework/src/Illuminate/Container/BoundMethod.php(36): Illuminate\\Database\\Console\\Seeds\\SeedCommand->handle()
#10 /home/runner/work/stopit/stopit/vendor/laravel/framework/src/Illuminate/Container/Util.php(43): Illuminate\\Container\\BoundMethod::Illuminate\\Container\\{closure}()
#11 /home/runner/work/stopit/stopit/vendor/laravel/framework/src/Illuminate/Container/BoundMethod.php(95): Illuminate\\Container\\Util::unwrapIfClosure()
#12 /home/runner/work/stopit/stopit/vendor/laravel/framework/src/Illuminate/Container/BoundMethod.php(35): Illuminate\\Container\\BoundMethod::callBoundMethod()
#13 /home/runner/work/stopit/stopit/vendor/laravel/framework/src/Illuminate/Container/Container.php(696): Illuminate\\Container\\BoundMethod::call()
#14 /home/runner/work/stopit/stopit/vendor/laravel/framework/src/Illuminate/Console/Command.php(213): Illuminate\\Container\\Container->call()
#15 /home/runner/work/stopit/stopit/vendor/symfony/console/Command/Command.php(341): Illuminate\\Console\\Command->execute()
#16 /home/runner/work/stopit/stopit/vendor/laravel/framework/src/Illuminate/Console/Command.php(182): Symfony\\Component\\Console\\Command\\Command->run()
#17 /home/runner/work/stopit/stopit/vendor/symfony/console/Application.php(1117): Illuminate\\Console\\Command->run()
#18 /home/runner/work/stopit/stopit/vendor/symfony/console/Application.php(356): Symfony\\Component\\Console\\Application->doRunCommand()
#19 /home/runner/work/stopit/stopit/vendor/symfony/console/Application.php(195): Symfony\\Component\\Console\\Application->doRun()
#20 /home/runner/work/stopit/stopit/vendor/laravel/framework/src/Illuminate/Foundation/Console/Kernel.php(198): Symfony\\Component\\Console\\Application->run()
#21 /home/runner/work/stopit/stopit/artisan(12): Illuminate\\Foundation\\Console\\Kernel->handle()
#22 {main}
"} 
[2026-02-28 10:12:09] local.ERROR: Target class [Modules\Stopit\Database\Seeders\StopitSeeder] does not exist. {"exception":"[object] (Illuminate\\Contracts\\Container\\BindingResolutionException(code: 0): Target class [Modules\\Stopit\\Database\\Seeders\\StopitSeeder] does not exist. at /home/runner/work/stopit/stopit/vendor/laravel/framework/src/Illuminate/Container/Container.php:961)
[stacktrace]
#0 /home/runner/work/stopit/stopit/vendor/laravel/framework/src/Illuminate/Container/Container.php(832): Illuminate\\Container\\Container->build()
#1 /home/runner/work/stopit/stopit/vendor/laravel/framework/src/Illuminate/Foundation/Application.php(1078): Illuminate\\Container\\Container->resolve()
#2 /home/runner/work/stopit/stopit/vendor/laravel/framework/src/Illuminate/Container/Container.php(763): Illuminate\\Foundation\\Application->resolve()
#3 /home/runner/work/stopit/stopit/vendor/laravel/framework/src/Illuminate/Foundation/Application.php(1058): Illuminate\\Container\\Container->make()
#4 /home/runner/work/stopit/stopit/vendor/laravel/framework/src/Illuminate/Database/Console/Seeds/SeedCommand.php(98): Illuminate\\Foundation\\Application->make()
#5 /home/runner/work/stopit/stopit/vendor/laravel/framework/src/Illuminate/Database/Console/Seeds/SeedCommand.php(70): Illuminate\\Database\\Console\\Seeds\\SeedCommand->getSeeder()
#6 /home/runner/work/stopit/stopit/vendor/laravel/framework/src/Illuminate/Database/Eloquent/Concerns/GuardsAttributes.php(155): Illuminate\\Database\\Console\\Seeds\\SeedCommand->Illuminate\\Database\\Console\\Seeds\\{closure}()
#7 /home/runner/work/stopit/stopit/vendor/laravel/framework/src/Illuminate/Database/Console/Seeds/SeedCommand.php(69): Illuminate\\Database\\Eloquent\\Model::unguarded()
#8 /home/runner/work/stopit/stopit/vendor/laravel/framework/src/Illuminate/Container/BoundMethod.php(36): Illuminate\\Database\\Console\\Seeds\\SeedCommand->handle()
#9 /home/runner/work/stopit/stopit/vendor/laravel/framework/src/Illuminate/Container/Util.php(43): Illuminate\\Container\\BoundMethod::Illuminate\\Container\\{closure}()
#10 /home/runner/work/stopit/stopit/vendor/laravel/framework/src/Illuminate/Container/BoundMethod.php(95): Illuminate\\Container\\Util::unwrapIfClosure()
#11 /home/runner/work/stopit/stopit/vendor/laravel/framework/src/Illuminate/Container/BoundMethod.php(35): Illuminate\\Container\\BoundMethod::callBoundMethod()
#12 /home/runner/work/stopit/stopit/vendor/laravel/framework/src/Illuminate/Container/Container.php(696): Illuminate\\Container\\BoundMethod::call()
#13 /home/runner/work/stopit/stopit/vendor/laravel/framework/src/Illuminate/Console/Command.php(213): Illuminate\\Container\\Container->call()
#14 /home/runner/work/stopit/stopit/vendor/symfony/console/Command/Command.php(341): Illuminate\\Console\\Command->execute()
#15 /home/runner/work/stopit/stopit/vendor/laravel/framework/src/Illuminate/Console/Command.php(182): Symfony\\Component\\Console\\Command\\Command->run()
#16 /home/runner/work/stopit/stopit/vendor/symfony/console/Application.php(1117): Illuminate\\Console\\Command->run()
#17 /home/runner/work/stopit/stopit/vendor/symfony/console/Application.php(356): Symfony\\Component\\Console\\Application->doRunCommand()
#18 /home/runner/work/stopit/stopit/vendor/symfony/console/Application.php(195): Symfony\\Component\\Console\\Application->doRun()
#19 /home/runner/work/stopit/stopit/vendor/laravel/framework/src/Illuminate/Foundation/Console/Kernel.php(198): Symfony\\Component\\Console\\Application->run()
#20 /home/runner/work/stopit/stopit/artisan(12): Illuminate\\Foundation\\Console\\Kernel->handle()
#21 {main}

[previous exception] [object] (ReflectionException(code: -1): Class \"Modules\\Stopit\\Database\\Seeders\\StopitSeeder\" does not exist at /home/runner/work/stopit/stopit/vendor/laravel/framework/src/Illuminate/Container/Container.php:959)
[stacktrace]
#0 /home/runner/work/stopit/stopit/vendor/laravel/framework/src/Illuminate/Container/Container.php(959): ReflectionClass->__construct()
#1 /home/runner/work/stopit/stopit/vendor/laravel/framework/src/Illuminate/Container/Container.php(832): Illuminate\\Container\\Container->build()
#2 /home/runner/work/stopit/stopit/vendor/laravel/framework/src/Illuminate/Foundation/Application.php(1078): Illuminate\\Container\\Container->resolve()
#3 /home/runner/work/stopit/stopit/vendor/laravel/framework/src/Illuminate/Container/Container.php(763): Illuminate\\Foundation\\Application->resolve()
#4 /home/runner/work/stopit/stopit/vendor/laravel/framework/src/Illuminate/Foundation/Application.php(1058): Illuminate\\Container\\Container->make()
#5 /home/runner/work/stopit/stopit/vendor/laravel/framework/src/Illuminate/Database/Console/Seeds/SeedCommand.php(98): Illuminate\\Foundation\\Application->make()
#6 /home/runner/work/stopit/stopit/vendor/laravel/framework/src/Illuminate/Database/Console/Seeds/SeedCommand.php(70): Illuminate\\Database\\Console\\Seeds\\SeedCommand->getSeeder()
#7 /home/runner/work/stopit/stopit/vendor/laravel/framework/src/Illuminate/Database/Eloquent/Concerns/GuardsAttributes.php(155): Illuminate\\Database\\Console\\Seeds\\SeedCommand->Illuminate\\Database\\Console\\Seeds\\{closure}()
#8 /home/runner/work/stopit/stopit/vendor/laravel/framework/src/Illuminate/Database/Console/Seeds/SeedCommand.php(69): Illuminate\\Database\\Eloquent\\Model::unguarded()
#9 /home/runner/work/stopit/stopit/vendor/laravel/framework/src/Illuminate/Container/BoundMethod.php(36): Illuminate\\Database\\Console\\Seeds\\SeedCommand->handle()
#10 /home/runner/work/stopit/stopit/vendor/laravel/framework/src/Illuminate/Container/Util.php(43): Illuminate\\Container\\BoundMethod::Illuminate\\Container\\{closure}()
#11 /home/runner/work/stopit/stopit/vendor/laravel/framework/src/Illuminate/Container/BoundMethod.php(95): Illuminate\\Container\\Util::unwrapIfClosure()
#12 /home/runner/work/stopit/stopit/vendor/laravel/framework/src/Illuminate/Container/BoundMethod.php(35): Illuminate\\Container\\BoundMethod::callBoundMethod()
#13 /home/runner/work/stopit/stopit/vendor/laravel/framework/src/Illuminate/Container/Container.php(696): Illuminate\\Container\\BoundMethod::call()
#14 /home/runner/work/stopit/stopit/vendor/laravel/framework/src/Illuminate/Console/Command.php(213): Illuminate\\Container\\Container->call()
#15 /home/runner/work/stopit/stopit/vendor/symfony/console/Command/Command.php(341): Illuminate\\Console\\Command->execute()
#16 /home/runner/work/stopit/stopit/vendor/laravel/framework/src/Illuminate/Console/Command.php(182): Symfony\\Component\\Console\\Command\\Command->run()
#17 /home/runner/work/stopit/stopit/vendor/symfony/console/Application.php(1117): Illuminate\\Console\\Command->run()
#18 /home/runner/work/stopit/stopit/vendor/symfony/console/Application.php(356): Symfony\\Component\\Console\\Application->doRunCommand()
#19 /home/runner/work/stopit/stopit/vendor/symfony/console/Application.php(195): Symfony\\Component\\Console\\Application->doRun()
#20 /home/runner/work/stopit/stopit/vendor/laravel/framework/src/Illuminate/Foundation/Console/Kernel.php(198): Symfony\\Component\\Console\\Application->run()
#21 /home/runner/work/stopit/stopit/artisan(12): Illuminate\\Foundation\\Console\\Kernel->handle()
#22 {main}
"} 
[2026-02-28 10:13:38] local.ERROR: Command "tinker" is not defined. {"exception":"[object] (Symfony\\Component\\Console\\Exception\\CommandNotFoundException(code: 0): Command \"tinker\" is not defined. at /home/runner/work/stopit/stopit/vendor/symfony/console/Application.php:759)
[stacktrace]
#0 /home/runner/work/stopit/stopit/vendor/symfony/console/Application.php(298): Symfony\\Component\\Console\\Application->find()
#1 /home/runner/work/stopit/stopit/vendor/symfony/console/Application.php(195): Symfony\\Component\\Console\\Application->doRun()
#2 /home/runner/work/stopit/stopit/vendor/laravel/framework/src/Illuminate/Foundation/Console/Kernel.php(198): Symfony\\Component\\Console\\Application->run()
#3 /home/runner/work/stopit/stopit/artisan(12): Illuminate\\Foundation\\Console\\Kernel->handle()
#4 {main}
"} 
[2026-02-28 12:06:33] production.ERROR: Please provide a valid cache path. {"exception":"[object] (InvalidArgumentException(code: 0): Please provide a valid cache path. at /home/runner/work/stopit/stopit/vendor/laravel/framework/src/Illuminate/View/Compilers/Compiler.php:75)
[stacktrace]
#0 /home/runner/work/stopit/stopit/vendor/laravel/framework/src/Illuminate/View/ViewServiceProvider.php(97): Illuminate\\View\\Compilers\\Compiler->__construct()
#1 /home/runner/work/stopit/stopit/vendor/laravel/framework/src/Illuminate/Container/Container.php(1115): Illuminate\\View\\ViewServiceProvider->Illuminate\\View\\{closure}()
#2 /home/runner/work/stopit/stopit/vendor/laravel/framework/src/Illuminate/Container/Container.php(933): Illuminate\\Container\\Container->build()
#3 /home/runner/work/stopit/stopit/vendor/laravel/framework/src/Illuminate/Foundation/Application.php(1078): Illuminate\\Container\\Container->resolve()
#4 /home/runner/work/stopit/stopit/vendor/laravel/framework/src/Illuminate/Container/Container.php(864): Illuminate\\Foundation\\Application->resolve()
#5 /home/runner/work/stopit/stopit/vendor/laravel/framework/src/Illuminate/Foundation/Application.php(1058): Illuminate\\Container\\Container->make()
#6 /home/runner/work/stopit/stopit/vendor/laravel/framework/src/Illuminate/Container/Container.php(1805): Illuminate\\Foundation\\Application->make()
#7 /home/runner/work/stopit/stopit/vendor/laravel/framework/src/Illuminate/Support/Facades/Facade.php(240): Illuminate\\Container\\Container->offsetGet()
#8 /home/runner/work/stopit/stopit/vendor/laravel/framework/src/Illuminate/Support/Facades/Facade.php(211): Illuminate\\Support\\Facades\\Facade::resolveFacadeInstance()
#9 /home/runner/work/stopit/stopit/vendor/laravel/framework/src/Illuminate/Support/Facades/Facade.php(357): Illuminate\\Support\\Facades\\Facade::getFacadeRoot()
#10 /home/runner/work/stopit/stopit/vendor/blade-ui-kit/blade-icons/src/BladeIconsServiceProvider.php(118): Illuminate\\Support\\Facades\\Facade::__callStatic()
#11 /home/runner/work/stopit/stopit/vendor/blade-ui-kit/blade-icons/src/BladeIconsServiceProvider.php(27): BladeUI\\Icons\\BladeIconsServiceProvider->bootDirectives()
#12 /home/runner/work/stopit/stopit/vendor/laravel/framework/src/Illuminate/Container/BoundMethod.php(36): BladeUI\\Icons\\BladeIconsServiceProvider->boot()
#13 /home/runner/work/stopit/stopit/vendor/laravel/framework/src/Illuminate/Container/Util.php(43): Illuminate\\Container\\BoundMethod::Illuminate\\Container\\{closure}()
#14 /home/runner/work/stopit/stopit/vendor/laravel/framework/src/Illuminate/Container/BoundMethod.php(96): Illuminate\\Container\\Util::unwrapIfClosure()
#15 /home/runner/work/stopit/stopit/vendor/laravel/framework/src/Illuminate/Container/BoundMethod.php(35): Illuminate\\Container\\BoundMethod::callBoundMethod()
#16 /home/runner/work/stopit/stopit/vendor/laravel/framework/src/Illuminate/Container/Container.php(799): Illuminate\\Container\\BoundMethod::call()
#17 /home/runner/work/stopit/stopit/vendor/laravel/framework/src/Illuminate/Foundation/Application.php(1151): Illuminate\\Container\\Container->call()
#18 /home/runner/work/stopit/stopit/vendor/laravel/framework/src/Illuminate/Foundation/Application.php(1132): Illuminate\\Foundation\\Application->bootProvider()
#19 [internal function]: Illuminate\\Foundation\\Application->Illuminate\\Foundation\\{closure}()
#20 /home/runner/work/stopit/stopit/vendor/laravel/framework/src/Illuminate/Foundation/Application.php(1131): array_walk()
#21 /home/runner/work/stopit/stopit/vendor/laravel/framework/src/Illuminate/Foundation/Bootstrap/BootProviders.php(17): Illuminate\\Foundation\\Application->boot()
#22 /home/runner/work/stopit/stopit/vendor/laravel/framework/src/Illuminate/Foundation/Application.php(342): Illuminate\\Foundation\\Bootstrap\\BootProviders->bootstrap()
#23 /home/runner/work/stopit/stopit/vendor/laravel/framework/src/Illuminate/Foundation/Console/Kernel.php(494): Illuminate\\Foundation\\Application->bootstrapWith()
#24 /home/runner/work/stopit/stopit/vendor/laravel/framework/src/Illuminate/Foundation/Console/Kernel.php(196): Illuminate\\Foundation\\Console\\Kernel->bootstrap()
#25 /home/runner/work/stopit/stopit/artisan(12): Illuminate\\Foundation\\Console\\Kernel->handle()
#26 {main}
"} 
[2026-02-28 12:06:43] production.ERROR: Type of Modules\Stopit\Filament\Resources\ApplicationResource::$navigationIcon must be BackedEnum|string|null (as in class Filament\Resources\Resource) {"exception":"[object] (Symfony\\Component\\ErrorHandler\\Error\\FatalError(code: 0): Type of Modules\\Stopit\\Filament\\Resources\\ApplicationResource::$navigationIcon must be BackedEnum|string|null (as in class Filament\\Resources\\Resource) at /home/runner/work/stopit/stopit/Modules/Stopit/Filament/Resources/ApplicationResource.php:13)
[stacktrace]
#0 /home/runner/work/stopit/stopit/vendor/laravel/framework/src/Illuminate/Foundation/Bootstrap/HandleExceptions.php(247): Symfony\\Component\\ErrorHandler\\Error\\FatalError->__construct(message: '...', code: '...', error: '...', traceOffset: '...', traceArgs: '...', trace: '...')
#1 /home/runner/work/stopit/stopit/vendor/laravel/framework/src/Illuminate/Foundation/Bootstrap/HandleExceptions.php(234): Illuminate\\Foundation\\Bootstrap\\HandleExceptions->fatalErrorFromPhpError(error: '...', traceOffset: '...')
#2 /home/runner/work/stopit/stopit/vendor/laravel/framework/src/Illuminate/Foundation/Bootstrap/HandleExceptions.php(258): Illuminate\\Foundation\\Bootstrap\\HandleExceptions->handleShutdown()
#3 /home/runner/work/stopit/stopit/vendor/laravel/framework/src/Illuminate/Foundation/Bootstrap/HandleExceptions.php(0): Illuminate\\Foundation\\Bootstrap\\HandleExceptions->Illuminate\\Foundation\\Bootstrap\\{closure:/home/runner/work/stopit/stopit/vendor/laravel/framework/src/Illuminate/Foundation/Bootstrap/HandleExceptions.php:257-259}()
#4 /home/runner/work/stopit/stopit/vendor/composer/ClassLoader.php(576): ()
#5 /home/runner/work/stopit/stopit/vendor/composer/ClassLoader.php(427): Composer\\Autoload\\{closure:/home/runner/work/stopit/stopit/vendor/composer/ClassLoader.php:575-577}(file: '...')
#6 /home/runner/work/stopit/stopit/vendor/filament/filament/src/Panel/Concerns/HasComponents.php(441): Composer\\Autoload\\ClassLoader->loadClass(class: '...')
#7 /home/runner/work/stopit/stopit/vendor/filament/filament/src/Panel/Concerns/HasComponents.php(441): class_exists(class: '...')
#8 /home/runner/work/stopit/stopit/vendor/filament/filament/src/Panel/Concerns/HasComponents.php(302): Filament\\Panel->discoverComponents(baseClass: '...', register: '...', directory: '...', namespace: '...')
#9 /home/runner/work/stopit/stopit/Modules/Stopit/Filament/StopitPanelProvider.php(42): Filament\\Panel->discoverResources(in: '...', for: '...')
#10 /home/runner/work/stopit/stopit/vendor/filament/filament/src/PanelProvider.php(15): Modules\\Stopit\\Filament\\StopitPanelProvider->panel(panel: '...')
#11 /home/runner/work/stopit/stopit/vendor/laravel/framework/src/Illuminate/Collections/helpers.php(266): Modules\\Stopit\\Filament\\StopitPanelProvider->Filament\\{closure:/home/runner/work/stopit/stopit/vendor/filament/filament/src/PanelProvider.php:15-15}()
#12 /home/runner/work/stopit/stopit/vendor/filament/filament/src/Facades/Filament.php(182): value(value: '...')
#13 /home/runner/work/stopit/stopit/vendor/laravel/framework/src/Illuminate/Container/Container.php(1618): Filament\\Facades\\Filament::Filament\\Facades\\{closure:/home/runner/work/stopit/stopit/vendor/filament/filament/src/Facades/Filament.php:182-182}(registry: '...', '...')
#14 /home/runner/work/stopit/stopit/vendor/laravel/framework/src/Illuminate/Container/Container.php(1538): Illuminate\\Foundation\\Application->fireCallbackArray(object: '...', callbacks: '...')
#15 /home/runner/work/stopit/stopit/vendor/laravel/framework/src/Illuminate/Container/Container.php(951): Illuminate\\Foundation\\Application->fireResolvingCallbacks(abstract: '...', object: '...')
#16 /home/runner/work/stopit/stopit/vendor/laravel/framework/src/Illuminate/Foundation/Application.php(1078): Illuminate\\Foundation\\Application->resolve(abstract: '...', parameters: '...', raiseEvents: '...')
#17 /home/runner/work/stopit/stopit/vendor/laravel/framework/src/Illuminate/Container/Container.php(864): Illuminate\\Foundation\\Application->resolve(abstract: '...', parameters: '...', raiseEvents: '...')
#18 /home/runner/work/stopit/stopit/vendor/laravel/framework/src/Illuminate/Foundation/Application.php(1058): Illuminate\\Foundation\\Application->make(abstract: '...', parameters: '...')
#19 /home/runner/work/stopit/stopit/vendor/laravel/framework/src/Illuminate/Foundation/helpers.php(138): Illuminate\\Foundation\\Application->make(abstract: '...', parameters: '...')
#20 /home/runner/work/stopit/stopit/vendor/filament/filament/src/FilamentManager.php(376): app(abstract: '...', parameters: '...')
#21 /home/runner/work/stopit/stopit/vendor/laravel/framework/src/Illuminate/Support/Facades/Facade.php(363): Filament\\FilamentManager->getPanels()
#22 /home/runner/work/stopit/stopit/vendor/filament/filament/routes/web.php(15): Illuminate\\Support\\Facades\\Facade::__callStatic(method: '...', args: '...')
#23 /home/runner/work/stopit/stopit/vendor/filament/filament/routes/web.php(15): Illuminate\\Support\\Facades\\Facade::getPanels()
#24 /home/runner/work/stopit/stopit/vendor/laravel/framework/src/Illuminate/Routing/Router.php(524): Filament\\FilamentServiceProvider->{closure:/home/runner/work/stopit/stopit/vendor/filament/filament/routes/web.php:14-199}('...')
#25 /home/runner/work/stopit/stopit/vendor/laravel/framework/src/Illuminate/Routing/Router.php(480): Illuminate\\Routing\\Router->loadRoutes(routes: '...')
#26 /home/runner/work/stopit/stopit/vendor/laravel/framework/src/Illuminate/Routing/RouteRegistrar.php(212): Illuminate\\Routing\\Router->group(attributes: '...', routes: '...')
#27 /home/runner/work/stopit/stopit/vendor/filament/filament/routes/web.php(14): Illuminate\\Routing\\RouteRegistrar->group(callback: '...')
#28 /home/runner/work/stopit/stopit/vendor/laravel/framework/src/Illuminate/Support/ServiceProvider.php(201): Filament\\FilamentServiceProvider->()
#29 /home/runner/work/stopit/stopit/vendor/spatie/laravel-package-tools/src/Concerns/PackageServiceProvider/ProcessRoutes.php(14): Filament\\FilamentServiceProvider->loadRoutesFrom(path: '...')
#30 /home/runner/work/stopit/stopit/vendor/spatie/laravel-package-tools/src/PackageServiceProvider.php(85): Filament\\FilamentServiceProvider->bootPackageRoutes()
#31 /home/runner/work/stopit/stopit/vendor/laravel/framework/src/Illuminate/Container/BoundMethod.php(36): Filament\\FilamentServiceProvider->boot()
#32 /home/runner/work/stopit/stopit/vendor/laravel/framework/src/Illuminate/Container/Util.php(43): Illuminate\\Container\\BoundMethod::Illuminate\\Container\\{closure:/home/runner/work/stopit/stopit/vendor/laravel/framework/src/Illuminate/Container/BoundMethod.php:35-37}()
#33 /home/runner/work/stopit/stopit/vendor/laravel/framework/src/Illuminate/Container/BoundMethod.php(96): Illuminate\\Container\\Util::unwrapIfClosure(value: '...')
#34 /home/runner/work/stopit/stopit/vendor/laravel/framework/src/Illuminate/Container/BoundMethod.php(35): Illuminate\\Container\\BoundMethod::callBoundMethod(container: '...', callback: '...', default: '...')
#35 /home/runner/work/stopit/stopit/vendor/laravel/framework/src/Illuminate/Container/Container.php(799): Illuminate\\Container\\BoundMethod::call(container: '...', callback: '...', parameters: '...', defaultMethod: '...')
#36 /home/runner/work/stopit/stopit/vendor/laravel/framework/src/Illuminate/Foundation/Application.php(1151): Illuminate\\Foundation\\Application->call(callback: '...', parameters: '...', defaultMethod: '...')
#37 /home/runner/work/stopit/stopit/vendor/laravel/framework/src/Illuminate/Foundation/Application.php(1132): Illuminate\\Foundation\\Application->bootProvider(provider: '...')
#38 /home/runner/work/stopit/stopit/vendor/laravel/framework/src/Illuminate/Foundation/Application.php(1131): Illuminate\\Foundation\\Application->Illuminate\\Foundation\\{closure:/home/runner/work/stopit/stopit/vendor/laravel/framework/src/Illuminate/Foundation/Application.php:1131-1133}(p: '...', '...')
#39 /home/runner/work/stopit/stopit/vendor/laravel/framework/src/Illuminate/Foundation/Application.php(1131): array_walk(array: '...', callback: '...')
#40 /home/runner/work/stopit/stopit/vendor/laravel/framework/src/Illuminate/Foundation/Bootstrap/BootProviders.php(17): Illuminate\\Foundation\\Application->boot()
#41 /home/runner/work/stopit/stopit/vendor/laravel/framework/src/Illuminate/Foundation/Application.php(342): Illuminate\\Foundation\\Bootstrap\\BootProviders->bootstrap(app: '...')
#42 /home/runner/work/stopit/stopit/vendor/laravel/framework/src/Illuminate/Foundation/Console/Kernel.php(494): Illuminate\\Foundation\\Application->bootstrapWith(bootstrappers: '...')
#43 /home/runner/work/stopit/stopit/vendor/laravel/framework/src/Illuminate/Foundation/Console/Kernel.php(196): Illuminate\\Foundation\\Console\\Kernel->bootstrap()
#44 /home/runner/work/stopit/stopit/artisan(12): Illuminate\\Foundation\\Console\\Kernel->handle(input: '...', output: '...')
#45 /home/runner/work/stopit/stopit/artisan(0): {main}()
#46 {main}
"} 
